com/olahtek/controller/ModifyIncome.class
com/olahtek/controller/UserProfile.class
com/olahtek/controller/Login.class
com/olahtek/controller/StateTaxConstant.class
com/olahtek/controller/CheckSession.class
com/olahtek/controller/CopyPlan.class
com/olahtek/controller/DashboardAdmin.class
com/olahtek/controller/ConstantValues.class
com/olahtek/controller/CreateFinPlan.class
com/olahtek/controller/Goalcar.class
com/olahtek/controller/ResetPassword.class
com/olahtek/controller/IncomeProfile.class
com/olahtek/controller/ChangePassword.class
com/olahtek/controller/GoalCollegeEducation.class
com/olahtek/controller/SSBCalculator.class
com/olahtek/controller/CarLoanCalculator.class
com/olahtek/controller/EmergencyFundEdit.class
com/olahtek/controller/MortgageCalculator.class
com/olahtek/controller/MarriageGoal.class
com/olahtek/controller/KidGoal.class
com/olahtek/controller/RetirementGoal.class
com/olahtek/controller/MarriageGoalSpouseIncome.class
com/olahtek/controller/FDICalculator.class
com/olahtek/controller/EmergencyFund.class
com/olahtek/controller/Logout.class
com/olahtek/controller/CarLeaseCalculator.class
com/olahtek/controller/AdminDashboard.class
com/olahtek/controller/Goalhouse.class
com/olahtek/controller/Portfolioportfoliomanagement.class
com/olahtek/controller/Vacation.class
com/olahtek/controller/Register.class
com/olahtek/controller/CustomizedGoal.class
com/olahtek/controller/AutoComplete.class
com/olahtek/controller/Report.class
