/home/terralogic/bala/April21/Release_Stable/ApplicationLayer/Finance/src/com/olahtek/controller/IncomeProfile.java
/home/terralogic/bala/April21/Release_Stable/ApplicationLayer/Finance/src/com/olahtek/controller/Logout.java
/home/terralogic/bala/April21/Release_Stable/ApplicationLayer/Finance/src/com/olahtek/controller/MortgageCalculator.java
/home/terralogic/bala/April21/Release_Stable/ApplicationLayer/Finance/src/com/olahtek/controller/CheckSession.java
/home/terralogic/bala/April21/Release_Stable/ApplicationLayer/Finance/src/com/olahtek/controller/KidGoal.java
/home/terralogic/bala/April21/Release_Stable/ApplicationLayer/Finance/src/com/olahtek/controller/DashboardAdmin.java
/home/terralogic/bala/April21/Release_Stable/ApplicationLayer/Finance/src/com/olahtek/controller/Register.java
/home/terralogic/bala/April21/Release_Stable/ApplicationLayer/Finance/src/com/olahtek/controller/StateTaxConstant.java
/home/terralogic/bala/April21/Release_Stable/ApplicationLayer/Finance/src/com/olahtek/controller/EmergencyFundEdit.java
/home/terralogic/bala/April21/Release_Stable/ApplicationLayer/Finance/src/com/olahtek/controller/FDICalculator.java
/home/terralogic/bala/April21/Release_Stable/ApplicationLayer/Finance/src/com/olahtek/controller/AdminDashboard.java
/home/terralogic/bala/April21/Release_Stable/ApplicationLayer/Finance/src/com/olahtek/controller/Portfolioportfoliomanagement.java
/home/terralogic/bala/April21/Release_Stable/ApplicationLayer/Finance/src/com/olahtek/controller/MarriageGoal.java
/home/terralogic/bala/April21/Release_Stable/ApplicationLayer/Finance/src/com/olahtek/controller/SSBCalculator.java
/home/terralogic/bala/April21/Release_Stable/ApplicationLayer/Finance/src/com/olahtek/controller/GoalCollegeEducation.java
/home/terralogic/bala/April21/Release_Stable/ApplicationLayer/Finance/src/com/olahtek/controller/Login.java
/home/terralogic/bala/April21/Release_Stable/ApplicationLayer/Finance/src/com/olahtek/controller/Vacation.java
/home/terralogic/bala/April21/Release_Stable/ApplicationLayer/Finance/src/com/olahtek/controller/ResetPassword.java
/home/terralogic/bala/April21/Release_Stable/ApplicationLayer/Finance/src/com/olahtek/controller/CarLoanCalculator.java
/home/terralogic/bala/April21/Release_Stable/ApplicationLayer/Finance/src/com/olahtek/controller/ChangePassword.java
/home/terralogic/bala/April21/Release_Stable/ApplicationLayer/Finance/src/com/olahtek/controller/CreateFinPlan.java
/home/terralogic/bala/April21/Release_Stable/ApplicationLayer/Finance/src/com/olahtek/controller/CarLeaseCalculator.java
/home/terralogic/bala/April21/Release_Stable/ApplicationLayer/Finance/src/com/olahtek/controller/Report.java
/home/terralogic/bala/April21/Release_Stable/ApplicationLayer/Finance/src/com/olahtek/controller/ModifyIncome.java
/home/terralogic/bala/April21/Release_Stable/ApplicationLayer/Finance/src/com/olahtek/controller/AutoComplete.java
/home/terralogic/bala/April21/Release_Stable/ApplicationLayer/Finance/src/com/olahtek/controller/UserProfile.java
/home/terralogic/bala/April21/Release_Stable/ApplicationLayer/Finance/src/com/olahtek/controller/RetirementGoal.java
/home/terralogic/bala/April21/Release_Stable/ApplicationLayer/Finance/src/com/olahtek/controller/CopyPlan.java
/home/terralogic/bala/April21/Release_Stable/ApplicationLayer/Finance/src/com/olahtek/controller/EmergencyFund.java
/home/terralogic/bala/April21/Release_Stable/ApplicationLayer/Finance/src/com/olahtek/controller/Goalhouse.java
/home/terralogic/bala/April21/Release_Stable/ApplicationLayer/Finance/src/com/olahtek/controller/Goalcar.java
/home/terralogic/bala/April21/Release_Stable/ApplicationLayer/Finance/src/com/olahtek/controller/CustomizedGoal.java
/home/terralogic/bala/April21/Release_Stable/ApplicationLayer/Finance/src/com/olahtek/controller/MarriageGoalSpouseIncome.java
/home/terralogic/bala/April21/Release_Stable/ApplicationLayer/Finance/src/com/olahtek/controller/ConstantValues.java
